2026-03-18 01:08:32 [INFO    ] service.embedding — Đang tải model Embedding: BAAI/bge-m3 trên thiết bị: cpu
2026-03-18 01:10:29 [INFO    ] service.embedding — EmbeddingService initialized | model=BAAI/bge-m3 | dim=1024
2026-03-18 01:10:29 [INFO    ] __main__ — --- BẮT ĐẦU LUỒNG TEST INGESTION ---
2026-03-18 01:10:29 [INFO    ] service.embedding — Bắt đầu encode 2 chunks bằng BAAI/bge-m3...
2026-03-18 01:11:59 [ERROR   ] __main__ — LỖI HỆ THỐNG khi đang nạp dữ liệu: Unexpected Response: 400 (Bad Request)
Raw response content:
b'{"status":{"error":"Wrong input: Vector dimension error: expected dim: 1536, got 1024"},"time":0.10011651}'
2026-03-18 01:16:14 [INFO    ] service.embedding — Đang tải model Embedding: BAAI/bge-m3 trên thiết bị: cpu
2026-03-18 01:16:44 [INFO    ] service.embedding — EmbeddingService initialized | model=BAAI/bge-m3 | dim=1024
2026-03-18 01:16:44 [INFO    ] __main__ — --- BẮT ĐẦU LUỒNG TEST INGESTION ---
2026-03-18 01:16:44 [INFO    ] service.embedding — Bắt đầu encode 2 chunks bằng BAAI/bge-m3...
2026-03-18 01:16:46 [ERROR   ] __main__ — LỖI HỆ THỐNG khi đang nạp dữ liệu: Unexpected Response: 400 (Bad Request)
Raw response content:
b'{"status":{"error":"Wrong input: Vector dimension error: expected dim: 1536, got 1024"},"time":0.01175328}'
2026-03-18 01:19:10 [INFO    ] service.embedding — Đang tải model Embedding: BAAI/bge-m3 trên thiết bị: cpu
2026-03-18 01:19:39 [INFO    ] service.embedding — EmbeddingService initialized | model=BAAI/bge-m3 | dim=1024
2026-03-18 01:19:39 [INFO    ] __main__ — --- BẮT ĐẦU LUỒNG TEST INGESTION ---
2026-03-18 01:19:39 [INFO    ] service.embedding — Bắt đầu encode 2 chunks bằng BAAI/bge-m3...
2026-03-18 01:19:42 [ERROR   ] __main__ — LỖI HỆ THỐNG khi đang nạp dữ liệu: '>' not supported between instances of 'NoneType' and 'int'
2026-03-18 01:22:35 [INFO    ] service.embedding — Đang tải model Embedding: BAAI/bge-m3 trên thiết bị: cpu
2026-03-18 01:23:04 [INFO    ] service.embedding — EmbeddingService initialized | model=BAAI/bge-m3 | dim=1024
2026-03-18 01:23:04 [INFO    ] __main__ — --- BẮT ĐẦU LUỒNG TEST INGESTION ---
2026-03-18 01:23:04 [INFO    ] service.embedding — Bắt đầu encode 2 chunks bằng BAAI/bge-m3...
2026-03-18 01:23:06 [INFO    ] __main__ — THÀNH CÔNG: Đã nạp 2 điểm dữ liệu An Giang vào Qdrant.
2026-03-19 16:48:15 [INFO    ] service.embedding — Loading embedding model: BAAI/bge-m3 on cpu
2026-03-19 16:48:47 [INFO    ] service.embedding — EmbeddingService initialized | dim=1024
2026-03-19 16:58:02 [INFO    ] service.embedding — Loading embedding model: BAAI/bge-m3 on cpu
2026-03-19 16:58:17 [INFO    ] service.embedding — EmbeddingService initialized | dim=1024
2026-03-19 16:58:17 [INFO    ] __main__ — --- BẮT ĐẦU LUỒNG TEST INGESTION ---
2026-03-19 16:58:17 [INFO    ] service.embedding — Encoding 2 documents...
2026-03-19 16:58:18 [INFO    ] __main__ — THÀNH CÔNG: Đã nạp 2 điểm dữ liệu An Giang vào Qdrant.
2026-03-19 17:06:50 [INFO    ] service.embedding — Loading embedding model: BAAI/bge-m3 on cpu
2026-03-19 17:07:21 [INFO    ] service.embedding — EmbeddingService initialized | dim=1024
2026-03-19 17:17:16 [INFO    ] service.embedding — Loading embedding model: BAAI/bge-m3 on cpu
2026-03-19 17:17:31 [INFO    ] service.embedding — EmbeddingService initialized | dim=1024
2026-03-19 17:18:47 [INFO    ] service.embedding — Loading embedding model: BAAI/bge-m3 on cpu
2026-03-19 17:18:55 [INFO    ] service.embedding — EmbeddingService initialized | dim=1024
